npm notice run react-portfolio@0.1.0 build
npm notice run react-scripts build ; echo EXIT:0; type build-output.txt
(node:6076) [DEP0176] DeprecationWarning: fs.F_OK is deprecated, use fs.constants.F_OK instead
(Use `node --trace-deprecation ...` to show where the warning was created)
Creating an optimized production build...
Compiled successfully.

File sizes after gzip:

  83.76 kB  build\static\js\main.60d7f1be.js
  9.18 kB   build\static\css\main.a6ce67c7.css

The project was built assuming it is hosted at /.
You can control this with the homepage field in your package.json.

The build folder is ready to be deployed.
You may serve it with a static server:

  npm install -g serve
  serve -s build

Find out more about deployment here:

  https://cra.link/deployment

